> Task :gradle-plugin:settings-plugin:checkKotlinGradlePluginConfigurationErrors SKIPPED
> Task :gradle-plugin:shared:checkKotlinGradlePluginConfigurationErrors SKIPPED
> Task :expo-gradle-plugin:expo-autolinking-plugin-shared:checkKotlinGradlePluginConfigurationErrors SKIPPED
> Task :expo-gradle-plugin:expo-autolinking-settings-plugin:checkKotlinGradlePluginConfigurationErrors SKIPPED
> Task :expo-gradle-plugin:expo-autolinking-settings-plugin:pluginDescriptors UP-TO-DATE
> Task :gradle-plugin:settings-plugin:pluginDescriptors UP-TO-DATE
> Task :expo-gradle-plugin:expo-autolinking-settings-plugin:processResources UP-TO-DATE
> Task :gradle-plugin:settings-plugin:processResources UP-TO-DATE
> Task :gradle-plugin:shared:compileKotlin UP-TO-DATE
> Task :expo-gradle-plugin:expo-autolinking-plugin-shared:compileKotlin UP-TO-DATE
> Task :gradle-plugin:shared:compileJava NO-SOURCE
> Task :expo-gradle-plugin:expo-autolinking-plugin-shared:compileJava NO-SOURCE
> Task :gradle-plugin:shared:processResources NO-SOURCE
> Task :expo-gradle-plugin:expo-autolinking-plugin-shared:processResources NO-SOURCE
> Task :gradle-plugin:shared:classes UP-TO-DATE
> Task :expo-gradle-plugin:expo-autolinking-plugin-shared:classes UP-TO-DATE
> Task :expo-gradle-plugin:expo-autolinking-plugin-shared:jar UP-TO-DATE
> Task :gradle-plugin:shared:jar UP-TO-DATE
> Task :expo-gradle-plugin:expo-autolinking-settings-plugin:compileKotlin UP-TO-DATE
> Task :gradle-plugin:settings-plugin:compileKotlin UP-TO-DATE
> Task :gradle-plugin:settings-plugin:compileJava NO-SOURCE
> Task :gradle-plugin:settings-plugin:classes UP-TO-DATE
> Task :expo-gradle-plugin:expo-autolinking-settings-plugin:compileJava NO-SOURCE
> Task :expo-gradle-plugin:expo-autolinking-settings-plugin:classes UP-TO-DATE
> Task :gradle-plugin:settings-plugin:jar UP-TO-DATE
> Task :expo-gradle-plugin:expo-autolinking-settings-plugin:jar UP-TO-DATE
> Task :expo-gradle-plugin:expo-autolinking-plugin:checkKotlinGradlePluginConfigurationErrors SKIPPED
> Task :gradle-plugin:react-native-gradle-plugin:checkKotlinGradlePluginConfigurationErrors SKIPPED
> Task :expo-module-gradle-plugin:checkKotlinGradlePluginConfigurationErrors SKIPPED
> Task :expo-module-gradle-plugin:pluginDescriptors UP-TO-DATE
> Task :expo-module-gradle-plugin:processResources UP-TO-DATE
> Task :expo-gradle-plugin:expo-autolinking-plugin:compileKotlin UP-TO-DATE
> Task :gradle-plugin:react-native-gradle-plugin:compileKotlin UP-TO-DATE
> Task :expo-gradle-plugin:expo-autolinking-plugin:compileJava NO-SOURCE
> Task :gradle-plugin:react-native-gradle-plugin:compileJava NO-SOURCE
> Task :expo-gradle-plugin:expo-autolinking-plugin:pluginDescriptors UP-TO-DATE
> Task :gradle-plugin:react-native-gradle-plugin:pluginDescriptors UP-TO-DATE
> Task :expo-gradle-plugin:expo-autolinking-plugin:processResources UP-TO-DATE
> Task :expo-gradle-plugin:expo-autolinking-plugin:classes UP-TO-DATE
> Task :gradle-plugin:react-native-gradle-plugin:processResources UP-TO-DATE
> Task :gradle-plugin:react-native-gradle-plugin:classes UP-TO-DATE
> Task :expo-gradle-plugin:expo-autolinking-plugin:jar UP-TO-DATE
> Task :gradle-plugin:react-native-gradle-plugin:jar UP-TO-DATE
> Task :expo-module-gradle-plugin:compileKotlin UP-TO-DATE
> Task :expo-module-gradle-plugin:compileJava NO-SOURCE
> Task :expo-module-gradle-plugin:classes UP-TO-DATE
> Task :expo-module-gradle-plugin:jar UP-TO-DATE

> Configure project :app
WARNING: [CXX5202] This app only has 32-bit [x86] native libraries. Beginning August 1, 2019 Google Play store requires that all apps that include native libraries must provide 64-bit versions. For more information, visit https://g.co/64-bit-requirement
[CXX5202] This app only has 32-bit [x86] native libraries. Beginning August 1, 2019 Google Play store requires that all apps that include native libraries must provide 64-bit versions. For more information, visit https://g.co/64-bit-requirement
WARNING: [CXX5202] This app only has 32-bit [x86] native libraries. Beginning August 1, 2019 Google Play store requires that all apps that include native libraries must provide 64-bit versions. For more information, visit https://g.co/64-bit-requirement
[CXX5202] This app only has 32-bit [x86] native libraries. Beginning August 1, 2019 Google Play store requires that all apps that include native libraries must provide 64-bit versions. For more information, visit https://g.co/64-bit-requirement
WARNING: [CXX5202] This app only has 32-bit [x86] native libraries. Beginning August 1, 2019 Google Play store requires that all apps that include native libraries must provide 64-bit versions. For more information, visit https://g.co/64-bit-requirement
[CXX5202] This app only has 32-bit [x86] native libraries. Beginning August 1, 2019 Google Play store requires that all apps that include native libraries must provide 64-bit versions. For more information, visit https://g.co/64-bit-requirement

> Configure project :
[32m[ExpoRootProject][0m Using the following versions:
  - buildTools:  [32m36.0.0[0m
  - minSdk:      [32m24[0m
  - compileSdk:  [32m36[0m
  - targetSdk:   [32m36[0m
  - ndk:         [32m27.1.12297006[0m
  - kotlin:      [32m2.1.20[0m
  - ksp:         [32m2.1.20-2.0.1[0m

> Configure project :expo-modules-core
WARNING: [CXX5202] This app only has 32-bit [x86] native libraries. Beginning August 1, 2019 Google Play store requires that all apps that include native libraries must provide 64-bit versions. For more information, visit https://g.co/64-bit-requirement
[CXX5202] This app only has 32-bit [x86] native libraries. Beginning August 1, 2019 Google Play store requires that all apps that include native libraries must provide 64-bit versions. For more information, visit https://g.co/64-bit-requirement
WARNING: [CXX5202] This app only has 32-bit [x86] native libraries. Beginning August 1, 2019 Google Play store requires that all apps that include native libraries must provide 64-bit versions. For more information, visit https://g.co/64-bit-requirement
[CXX5202] This app only has 32-bit [x86] native libraries. Beginning August 1, 2019 Google Play store requires that all apps that include native libraries must provide 64-bit versions. For more information, visit https://g.co/64-bit-requirement

> Configure project :expo

Using expo modules
  - [32mexpo-constants[0m (18.0.13)
  - [32mexpo-modules-core[0m (3.0.29)
  - [33m[?][0m [32mexpo-application[0m (7.0.8)
  - [33m[?][0m [32mexpo-asset[0m (12.0.12)
  - [33m[?][0m [32mexpo-blur[0m (15.0.8)
  - [33m[?][0m [32mexpo-crypto[0m (15.0.8)
  - [33m[?][0m [32mexpo-device[0m (8.0.10)
  - [33m[?][0m [32mexpo-file-system[0m (19.0.21)
  - [33m[?][0m [32mexpo-font[0m (14.0.11)
  - [33m[?][0m [32mexpo-haptics[0m (15.0.8)
  - [33m[?][0m [32mexpo-image[0m (3.0.11)
  - [33m[?][0m [32mexpo-image-loader[0m (6.0.0)
  - [33m[?][0m [32mexpo-image-picker[0m (17.0.10)
  - [33m[?][0m [32mexpo-keep-awake[0m (15.0.8)
  - [33m[?][0m [32mexpo-linear-gradient[0m (15.0.8)
  - [33m[?][0m [32mexpo-linking[0m (8.0.11)
  - [33m[?][0m [32mexpo-navigation-bar[0m (5.0.10)
  - [33m[?][0m [32mexpo-notifications[0m (0.32.16)
  - [33m[?][0m [32mexpo-secure-store[0m (15.0.8)
  - [33m[?][0m [32mexpo-splash-screen[0m (31.0.13)
  - [33m[?][0m [32mexpo-system-ui[0m (6.0.9)
  - [33m[?][0m [32mexpo-web-browser[0m (15.0.10)


> Configure project :react-native-gesture-handler
WARNING: [CXX5202] This app only has 32-bit [x86] native libraries. Beginning August 1, 2019 Google Play store requires that all apps that include native libraries must provide 64-bit versions. For more information, visit https://g.co/64-bit-requirement
[CXX5202] This app only has 32-bit [x86] native libraries. Beginning August 1, 2019 Google Play store requires that all apps that include native libraries must provide 64-bit versions. For more information, visit https://g.co/64-bit-requirement
WARNING: [CXX5202] This app only has 32-bit [x86] native libraries. Beginning August 1, 2019 Google Play store requires that all apps that include native libraries must provide 64-bit versions. For more information, visit https://g.co/64-bit-requirement
[CXX5202] This app only has 32-bit [x86] native libraries. Beginning August 1, 2019 Google Play store requires that all apps that include native libraries must provide 64-bit versions. For more information, visit https://g.co/64-bit-requirement

> Configure project :react-native-worklets
WARNING: [CXX5202] This app only has 32-bit [x86] native libraries. Beginning August 1, 2019 Google Play store requires that all apps that include native libraries must provide 64-bit versions. For more information, visit https://g.co/64-bit-requirement
[CXX5202] This app only has 32-bit [x86] native libraries. Beginning August 1, 2019 Google Play store requires that all apps that include native libraries must provide 64-bit versions. For more information, visit https://g.co/64-bit-requirement
WARNING: [CXX5202] This app only has 32-bit [x86] native libraries. Beginning August 1, 2019 Google Play store requires that all apps that include native libraries must provide 64-bit versions. For more information, visit https://g.co/64-bit-requirement
[CXX5202] This app only has 32-bit [x86] native libraries. Beginning August 1, 2019 Google Play store requires that all apps that include native libraries must provide 64-bit versions. For more information, visit https://g.co/64-bit-requirement

> Configure project :react-native-reanimated
WARNING: [CXX5202] This app only has 32-bit [x86] native libraries. Beginning August 1, 2019 Google Play store requires that all apps that include native libraries must provide 64-bit versions. For more information, visit https://g.co/64-bit-requirement
[CXX5202] This app only has 32-bit [x86] native libraries. Beginning August 1, 2019 Google Play store requires that all apps that include native libraries must provide 64-bit versions. For more information, visit https://g.co/64-bit-requirement
WARNING: [CXX5202] This app only has 32-bit [x86] native libraries. Beginning August 1, 2019 Google Play store requires that all apps that include native libraries must provide 64-bit versions. For more information, visit https://g.co/64-bit-requirement
[CXX5202] This app only has 32-bit [x86] native libraries. Beginning August 1, 2019 Google Play store requires that all apps that include native libraries must provide 64-bit versions. For more information, visit https://g.co/64-bit-requirement

> Configure project :react-native-screens
WARNING: [CXX5202] This app only has 32-bit [x86] native libraries. Beginning August 1, 2019 Google Play store requires that all apps that include native libraries must provide 64-bit versions. For more information, visit https://g.co/64-bit-requirement
[CXX5202] This app only has 32-bit [x86] native libraries. Beginning August 1, 2019 Google Play store requires that all apps that include native libraries must provide 64-bit versions. For more information, visit https://g.co/64-bit-requirement
WARNING: [CXX5202] This app only has 32-bit [x86] native libraries. Beginning August 1, 2019 Google Play store requires that all apps that include native libraries must provide 64-bit versions. For more information, visit https://g.co/64-bit-requirement
[CXX5202] This app only has 32-bit [x86] native libraries. Beginning August 1, 2019 Google Play store requires that all apps that include native libraries must provide 64-bit versions. For more information, visit https://g.co/64-bit-requirement

> Task :expo:generatePackagesList UP-TO-DATE
> Task :expo:preBuild UP-TO-DATE
> Task :expo-modules-core:preBuild UP-TO-DATE
> Task :react-native-google-signin_google-signin:generateCodegenSchemaFromJavaScript UP-TO-DATE
> Task :app:generateAutolinkingNewArchitectureFiles UP-TO-DATE
> Task :react-native-gesture-handler:generateCodegenSchemaFromJavaScript UP-TO-DATE
> Task :react-native-community_datetimepicker:generateCodegenSchemaFromJavaScript UP-TO-DATE
> Task :react-native-async-storage_async-storage:generateCodegenSchemaFromJavaScript UP-TO-DATE
> Task :react-native-safe-area-context:generateCodegenSchemaFromJavaScript UP-TO-DATE
> Task :react-native-community_datetimepicker:generateCodegenArtifactsFromSchema UP-TO-DATE
> Task :react-native-google-signin_google-signin:generateCodegenArtifactsFromSchema UP-TO-DATE
> Task :react-native-google-signin_google-signin:preBuild UP-TO-DATE
> Task :react-native-community_datetimepicker:preBuild UP-TO-DATE
> Task :app:generateAutolinkingPackageList UP-TO-DATE
> Task :react-native-gesture-handler:generateCodegenArtifactsFromSchema UP-TO-DATE
> Task :app:generateCodegenSchemaFromJavaScript SKIPPED
> Task :react-native-gesture-handler:preBuild UP-TO-DATE
> Task :react-native-async-storage_async-storage:generateCodegenArtifactsFromSchema UP-TO-DATE
> Task :react-native-async-storage_async-storage:preBuild UP-TO-DATE
> Task :react-native-safe-area-context:generateCodegenArtifactsFromSchema UP-TO-DATE
> Task :react-native-safe-area-context:preBuild UP-TO-DATE
> Task :react-native-svg:generateCodegenSchemaFromJavaScript UP-TO-DATE
> Task :app:generateCodegenArtifactsFromSchema SKIPPED
> Task :react-native-screens:generateCodegenSchemaFromJavaScript UP-TO-DATE
> Task :react-native-vector-icons:generateCodegenSchemaFromJavaScript UP-TO-DATE
> Task :react-native-webview:generateCodegenSchemaFromJavaScript UP-TO-DATE
> Task :app:generateReactNativeEntryPoint UP-TO-DATE
> Task :app:checkKotlinGradlePluginConfigurationErrors SKIPPED
> Task :expo:preDebugBuild UP-TO-DATE
> Task :expo:writeDebugAarMetadata UP-TO-DATE
> Task :expo-modules-core:preDebugBuild UP-TO-DATE
> Task :react-native-svg:generateCodegenArtifactsFromSchema UP-TO-DATE
> Task :react-native-svg:preBuild UP-TO-DATE
> Task :react-native-async-storage_async-storage:preDebugBuild UP-TO-DATE
> Task :expo-modules-core:writeDebugAarMetadata UP-TO-DATE
> Task :react-native-community_datetimepicker:preDebugBuild UP-TO-DATE
> Task :react-native-async-storage_async-storage:writeDebugAarMetadata UP-TO-DATE
> Task :react-native-gesture-handler:preDebugBuild UP-TO-DATE
> Task :react-native-webview:generateCodegenArtifactsFromSchema UP-TO-DATE
> Task :react-native-screens:generateCodegenArtifactsFromSchema UP-TO-DATE
> Task :react-native-community_datetimepicker:writeDebugAarMetadata UP-TO-DATE
> Task :react-native-webview:preBuild UP-TO-DATE
> Task :react-native-gesture-handler:writeDebugAarMetadata UP-TO-DATE
> Task :react-native-google-signin_google-signin:preDebugBuild UP-TO-DATE
> Task :react-native-safe-area-context:preDebugBuild UP-TO-DATE
> Task :react-native-screens:preBuild UP-TO-DATE
> Task :react-native-svg:preDebugBuild UP-TO-DATE
> Task :react-native-google-signin_google-signin:writeDebugAarMetadata UP-TO-DATE
> Task :react-native-screens:preDebugBuild UP-TO-DATE
> Task :react-native-webview:preDebugBuild UP-TO-DATE
> Task :react-native-svg:writeDebugAarMetadata UP-TO-DATE
> Task :react-native-safe-area-context:writeDebugAarMetadata UP-TO-DATE
> Task :react-native-webview:writeDebugAarMetadata UP-TO-DATE
> Task :react-native-vector-icons:generateCodegenArtifactsFromSchema UP-TO-DATE
> Task :react-native-vector-icons:preBuild UP-TO-DATE
> Task :react-native-screens:writeDebugAarMetadata UP-TO-DATE
> Task :react-native-vector-icons:preDebugBuild UP-TO-DATE
> Task :expo:generateDebugResValues UP-TO-DATE
> Task :expo-modules-core:generateDebugResValues UP-TO-DATE
> Task :react-native-vector-icons:writeDebugAarMetadata UP-TO-DATE
> Task :expo:generateDebugResources UP-TO-DATE
> Task :react-native-async-storage_async-storage:generateDebugResValues UP-TO-DATE
> Task :react-native-community_datetimepicker:generateDebugResValues UP-TO-DATE
> Task :app:processDebugGoogleServices UP-TO-DATE
> Task :react-native-gesture-handler:generateDebugResValues UP-TO-DATE
> Task :react-native-community_datetimepicker:generateDebugResources UP-TO-DATE
> Task :expo-modules-core:generateDebugResources UP-TO-DATE
> Task :react-native-gesture-handler:generateDebugResources UP-TO-DATE
> Task :react-native-async-storage_async-storage:generateDebugResources UP-TO-DATE
> Task :expo:packageDebugResources UP-TO-DATE
> Task :react-native-google-signin_google-signin:generateDebugResValues UP-TO-DATE
> Task :react-native-community_datetimepicker:packageDebugResources UP-TO-DATE
> Task :expo-modules-core:packageDebugResources UP-TO-DATE
> Task :react-native-gesture-handler:packageDebugResources UP-TO-DATE
> Task :react-native-google-signin_google-signin:generateDebugResources UP-TO-DATE
> Task :react-native-screens:generateDebugResValues UP-TO-DATE
> Task :react-native-safe-area-context:generateDebugResValues UP-TO-DATE
> Task :react-native-async-storage_async-storage:packageDebugResources UP-TO-DATE
> Task :react-native-vector-icons:generateDebugResValues UP-TO-DATE
> Task :react-native-screens:generateDebugResources UP-TO-DATE
> Task :react-native-safe-area-context:generateDebugResources UP-TO-DATE
> Task :react-native-vector-icons:generateDebugResources UP-TO-DATE
> Task :react-native-screens:packageDebugResources UP-TO-DATE
> Task :react-native-webview:generateDebugResValues UP-TO-DATE
> Task :react-native-svg:generateDebugResValues UP-TO-DATE
> Task :react-native-webview:generateDebugResources UP-TO-DATE
> Task :react-native-google-signin_google-signin:packageDebugResources UP-TO-DATE
> Task :react-native-webview:packageDebugResources UP-TO-DATE
> Task :expo-modules-core:extractDeepLinksDebug UP-TO-DATE
> Task :expo-modules-core:processDebugManifest UP-TO-DATE
> Task :react-native-svg:generateDebugResources UP-TO-DATE
> Task :react-native-async-storage_async-storage:extractDeepLinksDebug UP-TO-DATE
> Task :expo:extractDeepLinksDebug UP-TO-DATE
> Task :react-native-async-storage_async-storage:processDebugManifest UP-TO-DATE
> Task :react-native-vector-icons:packageDebugResources UP-TO-DATE
> Task :expo:processDebugManifest UP-TO-DATE
> Task :react-native-svg:packageDebugResources UP-TO-DATE
> Task :react-native-safe-area-context:packageDebugResources UP-TO-DATE
> Task :react-native-community_datetimepicker:extractDeepLinksDebug UP-TO-DATE
> Task :react-native-google-signin_google-signin:extractDeepLinksDebug UP-TO-DATE
> Task :react-native-gesture-handler:extractDeepLinksDebug UP-TO-DATE
> Task :react-native-safe-area-context:extractDeepLinksDebug UP-TO-DATE
> Task :react-native-screens:extractDeepLinksDebug UP-TO-DATE
> Task :react-native-community_datetimepicker:processDebugManifest UP-TO-DATE
> Task :react-native-google-signin_google-signin:processDebugManifest UP-TO-DATE
> Task :react-native-gesture-handler:processDebugManifest UP-TO-DATE
> Task :react-native-safe-area-context:processDebugManifest UP-TO-DATE
> Task :react-native-vector-icons:extractDeepLinksDebug UP-TO-DATE
> Task :react-native-screens:processDebugManifest UP-TO-DATE
> Task :expo:compileDebugLibraryResources UP-TO-DATE
> Task :react-native-webview:extractDeepLinksDebug UP-TO-DATE
> Task :react-native-svg:extractDeepLinksDebug UP-TO-DATE
> Task :expo-modules-core:compileDebugLibraryResources UP-TO-DATE
> Task :react-native-vector-icons:processDebugManifest UP-TO-DATE
> Task :react-native-webview:processDebugManifest UP-TO-DATE
> Task :expo:parseDebugLocalResources UP-TO-DATE
> Task :react-native-community_datetimepicker:compileDebugLibraryResources UP-TO-DATE
> Task :expo-modules-core:parseDebugLocalResources UP-TO-DATE
> Task :react-native-async-storage_async-storage:compileDebugLibraryResources UP-TO-DATE
> Task :react-native-svg:processDebugManifest UP-TO-DATE
> Task :react-native-community_datetimepicker:parseDebugLocalResources UP-TO-DATE
> Task :react-native-gesture-handler:compileDebugLibraryResources UP-TO-DATE
> Task :react-native-async-storage_async-storage:parseDebugLocalResources UP-TO-DATE
> Task :react-native-community_datetimepicker:generateDebugRFile UP-TO-DATE
> Task :react-native-gesture-handler:parseDebugLocalResources UP-TO-DATE
> Task :react-native-async-storage_async-storage:generateDebugRFile UP-TO-DATE
> Task :react-native-google-signin_google-signin:compileDebugLibraryResources UP-TO-DATE
> Task :react-native-safe-area-context:compileDebugLibraryResources UP-TO-DATE
> Task :expo-modules-core:generateDebugRFile UP-TO-DATE
> Task :expo:generateDebugRFile UP-TO-DATE
> Task :react-native-gesture-handler:generateDebugRFile UP-TO-DATE
> Task :react-native-screens:compileDebugLibraryResources UP-TO-DATE
> Task :react-native-svg:compileDebugLibraryResources UP-TO-DATE
> Task :react-native-vector-icons:compileDebugLibraryResources UP-TO-DATE
> Task :react-native-safe-area-context:parseDebugLocalResources UP-TO-DATE
> Task :react-native-google-signin_google-signin:parseDebugLocalResources UP-TO-DATE
> Task :react-native-svg:parseDebugLocalResources UP-TO-DATE
> Task :react-native-safe-area-context:generateDebugRFile UP-TO-DATE
> Task :react-native-vector-icons:parseDebugLocalResources UP-TO-DATE
> Task :react-native-webview:compileDebugLibraryResources UP-TO-DATE
> Task :react-native-google-signin_google-signin:generateDebugRFile UP-TO-DATE
> Task :expo:checkKotlinGradlePluginConfigurationErrors SKIPPED
> Task :react-native-svg:generateDebugRFile UP-TO-DATE
> Task :expo-modules-core:checkKotlinGradlePluginConfigurationErrors SKIPPED
> Task :react-native-vector-icons:generateDebugRFile UP-TO-DATE
> Task :react-native-webview:parseDebugLocalResources UP-TO-DATE
> Task :expo:generateDebugBuildConfig UP-TO-DATE
> Task :expo-modules-core:generateDebugBuildConfig UP-TO-DATE
> Task :expo:javaPreCompileDebug UP-TO-DATE
> Task :react-native-community_datetimepicker:checkKotlinGradlePluginConfigurationErrors SKIPPED
> Task :react-native-async-storage_async-storage:generateDebugBuildConfig UP-TO-DATE
> Task :react-native-webview:generateDebugRFile UP-TO-DATE
> Task :react-native-gesture-handler:checkKotlinGradlePluginConfigurationErrors SKIPPED
> Task :react-native-community_datetimepicker:generateDebugBuildConfig UP-TO-DATE
> Task :react-native-async-storage_async-storage:javaPreCompileDebug UP-TO-DATE
> Task :react-native-gesture-handler:generateDebugBuildConfig UP-TO-DATE
> Task :react-native-svg:generateDebugBuildConfig UP-TO-DATE
> Task :react-native-svg:javaPreCompileDebug UP-TO-DATE
> Task :react-native-screens:parseDebugLocalResources UP-TO-DATE
> Task :react-native-screens:generateDebugRFile UP-TO-DATE
> Task :react-native-gesture-handler:javaPreCompileDebug UP-TO-DATE
> Task :react-native-google-signin_google-signin:checkKotlinGradlePluginConfigurationErrors SKIPPED
> Task :react-native-google-signin_google-signin:generateDebugBuildConfig UP-TO-DATE
> Task :react-native-async-storage_async-storage:compileDebugJavaWithJavac UP-TO-DATE
> Task :react-native-async-storage_async-storage:bundleLibCompileToJarDebug UP-TO-DATE
> Task :react-native-safe-area-context:checkKotlinGradlePluginConfigurationErrors SKIPPED
> Task :react-native-safe-area-context:generateDebugBuildConfig UP-TO-DATE
> Task :react-native-svg:compileDebugJavaWithJavac UP-TO-DATE
> Task :react-native-community_datetimepicker:compileDebugKotlin UP-TO-DATE
> Task :react-native-svg:bundleLibCompileToJarDebug UP-TO-DATE
> Task :react-native-screens:checkKotlinGradlePluginConfigurationErrors SKIPPED
> Task :react-native-community_datetimepicker:javaPreCompileDebug UP-TO-DATE
> Task :react-native-screens:generateDebugBuildConfig UP-TO-DATE
> Task :react-native-community_datetimepicker:compileDebugJavaWithJavac UP-TO-DATE
> Task :react-native-community_datetimepicker:bundleLibCompileToJarDebug UP-TO-DATE
> Task :react-native-vector-icons:generateDebugBuildConfig UP-TO-DATE
> Task :react-native-vector-icons:javaPreCompileDebug UP-TO-DATE
> Task :react-native-vector-icons:compileDebugJavaWithJavac UP-TO-DATE
> Task :react-native-vector-icons:bundleLibCompileToJarDebug UP-TO-DATE
> Task :react-native-webview:checkKotlinGradlePluginConfigurationErrors SKIPPED
> Task :react-native-webview:generateDebugBuildConfig UP-TO-DATE
> Task :react-native-safe-area-context:compileDebugKotlin UP-TO-DATE
> Task :react-native-safe-area-context:javaPreCompileDebug UP-TO-DATE
> Task :react-native-webview:compileDebugKotlin UP-TO-DATE
> Task :react-native-webview:javaPreCompileDebug UP-TO-DATE
> Task :react-native-screens:compileDebugKotlin UP-TO-DATE
> Task :react-native-screens:javaPreCompileDebug UP-TO-DATE
> Task :react-native-safe-area-context:compileDebugJavaWithJavac UP-TO-DATE
> Task :react-native-safe-area-context:bundleLibCompileToJarDebug UP-TO-DATE
> Task :expo:mergeDebugShaders UP-TO-DATE
> Task :expo:compileDebugShaders NO-SOURCE
> Task :expo:generateDebugAssets UP-TO-DATE
> Task :expo:mergeDebugAssets UP-TO-DATE
> Task :react-native-google-signin_google-signin:compileDebugKotlin UP-TO-DATE
> Task :react-native-google-signin_google-signin:javaPreCompileDebug UP-TO-DATE
> Task :react-native-async-storage_async-storage:mergeDebugShaders UP-TO-DATE
> Task :react-native-async-storage_async-storage:compileDebugShaders NO-SOURCE
> Task :react-native-async-storage_async-storage:generateDebugAssets UP-TO-DATE
> Task :react-native-async-storage_async-storage:mergeDebugAssets UP-TO-DATE
> Task :react-native-webview:compileDebugJavaWithJavac UP-TO-DATE
> Task :react-native-screens:compileDebugJavaWithJavac UP-TO-DATE
> Task :react-native-webview:bundleLibCompileToJarDebug UP-TO-DATE
> Task :react-native-community_datetimepicker:mergeDebugShaders UP-TO-DATE
> Task :react-native-screens:bundleLibCompileToJarDebug UP-TO-DATE
> Task :react-native-community_datetimepicker:compileDebugShaders NO-SOURCE
> Task :react-native-community_datetimepicker:generateDebugAssets UP-TO-DATE
> Task :react-native-gesture-handler:mergeDebugShaders UP-TO-DATE
> Task :react-native-google-signin_google-signin:compileDebugJavaWithJavac UP-TO-DATE
> Task :react-native-safe-area-context:mergeDebugShaders UP-TO-DATE
> Task :react-native-gesture-handler:compileDebugShaders NO-SOURCE
> Task :react-native-gesture-handler:generateDebugAssets UP-TO-DATE
> Task :react-native-safe-area-context:compileDebugShaders NO-SOURCE
> Task :react-native-safe-area-context:generateDebugAssets UP-TO-DATE
> Task :react-native-community_datetimepicker:mergeDebugAssets UP-TO-DATE
> Task :react-native-google-signin_google-signin:bundleLibCompileToJarDebug UP-TO-DATE
> Task :react-native-gesture-handler:mergeDebugAssets UP-TO-DATE
> Task :react-native-safe-area-context:mergeDebugAssets UP-TO-DATE
> Task :react-native-screens:mergeDebugShaders UP-TO-DATE
> Task :react-native-vector-icons:mergeDebugShaders UP-TO-DATE
> Task :react-native-svg:mergeDebugShaders UP-TO-DATE
> Task :react-native-google-signin_google-signin:mergeDebugShaders UP-TO-DATE
> Task :react-native-google-signin_google-signin:compileDebugShaders NO-SOURCE
> Task :react-native-vector-icons:compileDebugShaders NO-SOURCE
> Task :react-native-svg:compileDebugShaders NO-SOURCE
> Task :react-native-screens:compileDebugShaders NO-SOURCE
> Task :react-native-google-signin_google-signin:generateDebugAssets UP-TO-DATE
> Task :react-native-vector-icons:generateDebugAssets UP-TO-DATE
> Task :react-native-svg:generateDebugAssets UP-TO-DATE
> Task :react-native-screens:generateDebugAssets UP-TO-DATE
> Task :react-native-vector-icons:mergeDebugAssets UP-TO-DATE
> Task :react-native-screens:mergeDebugAssets UP-TO-DATE
> Task :react-native-google-signin_google-signin:mergeDebugAssets UP-TO-DATE
> Task :react-native-community_datetimepicker:bundleLibRuntimeToJarDebug UP-TO-DATE
> Task :react-native-webview:mergeDebugShaders UP-TO-DATE
> Task :react-native-google-signin_google-signin:bundleLibRuntimeToJarDebug UP-TO-DATE
> Task :react-native-svg:mergeDebugAssets UP-TO-DATE
> Task :react-native-webview:compileDebugShaders NO-SOURCE
> Task :react-native-webview:generateDebugAssets UP-TO-DATE
> Task :react-native-safe-area-context:bundleLibRuntimeToJarDebug UP-TO-DATE
> Task :react-native-webview:mergeDebugAssets UP-TO-DATE
> Task :react-native-screens:bundleLibRuntimeToJarDebug UP-TO-DATE
> Task :react-native-webview:bundleLibRuntimeToJarDebug UP-TO-DATE
> Task :react-native-svg:bundleLibRuntimeToJarDebug UP-TO-DATE
> Task :react-native-async-storage_async-storage:bundleLibRuntimeToJarDebug UP-TO-DATE
> Task :react-native-vector-icons:bundleLibRuntimeToJarDebug UP-TO-DATE
> Task :react-native-async-storage_async-storage:processDebugJavaRes NO-SOURCE
> Task :react-native-community_datetimepicker:processDebugJavaRes UP-TO-DATE
> Task :react-native-screens:processDebugJavaRes UP-TO-DATE
> Task :react-native-google-signin_google-signin:processDebugJavaRes UP-TO-DATE
> Task :react-native-svg:processDebugJavaRes NO-SOURCE
> Task :react-native-vector-icons:processDebugJavaRes NO-SOURCE
> Task :react-native-safe-area-context:processDebugJavaRes UP-TO-DATE
> Task :react-native-community_datetimepicker:bundleLibRuntimeToDirDebug UP-TO-DATE
> Task :react-native-webview:processDebugJavaRes UP-TO-DATE
> Task :react-native-google-signin_google-signin:bundleLibRuntimeToDirDebug UP-TO-DATE
> Task :react-native-safe-area-context:bundleLibRuntimeToDirDebug UP-TO-DATE
> Task :react-native-webview:bundleLibRuntimeToDirDebug UP-TO-DATE
> Task :react-native-screens:bundleLibRuntimeToDirDebug UP-TO-DATE
> Task :react-native-async-storage_async-storage:bundleLibRuntimeToDirDebug UP-TO-DATE
> Task :react-native-vector-icons:bundleLibRuntimeToDirDebug UP-TO-DATE
> Task :expo:mergeDebugJniLibFolders UP-TO-DATE
> Task :react-native-svg:bundleLibRuntimeToDirDebug UP-TO-DATE
> Task :expo:mergeDebugNativeLibs NO-SOURCE
> Task :expo:copyDebugJniLibsProjectOnly UP-TO-DATE
> Task :react-native-async-storage_async-storage:mergeDebugJniLibFolders UP-TO-DATE
> Task :react-native-community_datetimepicker:mergeDebugJniLibFolders UP-TO-DATE
> Task :react-native-gesture-handler:mergeDebugJniLibFolders UP-TO-DATE
> Task :react-native-community_datetimepicker:mergeDebugNativeLibs NO-SOURCE
> Task :react-native-google-signin_google-signin:mergeDebugJniLibFolders UP-TO-DATE
> Task :react-native-async-storage_async-storage:mergeDebugNativeLibs NO-SOURCE
> Task :react-native-community_datetimepicker:copyDebugJniLibsProjectOnly UP-TO-DATE
> Task :react-native-safe-area-context:mergeDebugJniLibFolders UP-TO-DATE
> Task :react-native-google-signin_google-signin:mergeDebugNativeLibs NO-SOURCE
> Task :react-native-safe-area-context:mergeDebugNativeLibs NO-SOURCE
> Task :react-native-google-signin_google-signin:copyDebugJniLibsProjectOnly UP-TO-DATE
> Task :react-native-async-storage_async-storage:copyDebugJniLibsProjectOnly UP-TO-DATE
> Task :react-native-safe-area-context:copyDebugJniLibsProjectOnly UP-TO-DATE
> Task :react-native-svg:mergeDebugJniLibFolders UP-TO-DATE
> Task :react-native-svg:mergeDebugNativeLibs NO-SOURCE
> Task :react-native-vector-icons:mergeDebugJniLibFolders UP-TO-DATE
> Task :react-native-webview:mergeDebugJniLibFolders UP-TO-DATE
> Task :react-native-svg:copyDebugJniLibsProjectOnly UP-TO-DATE
> Task :react-native-vector-icons:mergeDebugNativeLibs NO-SOURCE
> Task :react-native-webview:mergeDebugNativeLibs NO-SOURCE
> Task :react-native-vector-icons:copyDebugJniLibsProjectOnly UP-TO-DATE
> Task :react-native-webview:copyDebugJniLibsProjectOnly UP-TO-DATE
> Task :expo-modules-core:compileDebugKotlin UP-TO-DATE
> Task :expo-modules-core:javaPreCompileDebug UP-TO-DATE
> Task :expo-modules-core:compileDebugJavaWithJavac UP-TO-DATE
> Task :expo-modules-core:bundleLibCompileToJarDebug UP-TO-DATE
> Task :expo-modules-core:mergeDebugShaders UP-TO-DATE
> Task :expo-modules-core:compileDebugShaders NO-SOURCE
> Task :expo-modules-core:generateDebugAssets UP-TO-DATE
> Task :expo-modules-core:mergeDebugAssets UP-TO-DATE
> Task :expo-modules-core:bundleLibRuntimeToJarDebug UP-TO-DATE
> Task :expo-modules-core:processDebugJavaRes UP-TO-DATE
> Task :react-native-screens:configureCMakeDebug[x86]
> Task :expo-modules-core:bundleLibRuntimeToDirDebug UP-TO-DATE
> Task :react-native-reanimated:assertMinimalReactNativeVersionTask
> Task :react-native-reanimated:assertNewArchitectureEnabledTask SKIPPED
> Task :react-native-worklets:assertMinimalReactNativeVersionTask
> Task :react-native-worklets:assertNewArchitectureEnabledTask SKIPPED
> Task :react-native-worklets:generateCodegenSchemaFromJavaScript UP-TO-DATE
> Task :react-native-worklets:generateCodegenArtifactsFromSchema UP-TO-DATE
> Task :react-native-worklets:prepareWorkletsHeadersForPrefabs UP-TO-DATE
> Task :react-native-worklets:preBuild
> Task :react-native-worklets:preDebugBuild
> Task :react-native-worklets:writeDebugAarMetadata UP-TO-DATE
> Task :react-native-worklets:generateDebugResValues UP-TO-DATE
> Task :react-native-worklets:generateDebugResources UP-TO-DATE
> Task :react-native-worklets:packageDebugResources UP-TO-DATE
> Task :react-native-worklets:extractDeepLinksDebug UP-TO-DATE
> Task :react-native-worklets:processDebugManifest UP-TO-DATE
> Task :react-native-worklets:compileDebugLibraryResources UP-TO-DATE
> Task :react-native-worklets:parseDebugLocalResources UP-TO-DATE
> Task :react-native-worklets:generateDebugRFile UP-TO-DATE
> Task :react-native-worklets:generateDebugBuildConfig UP-TO-DATE
> Task :react-native-worklets:javaPreCompileDebug UP-TO-DATE
> Task :react-native-worklets:compileDebugJavaWithJavac UP-TO-DATE
> Task :react-native-worklets:bundleLibCompileToJarDebug UP-TO-DATE
> Task :react-native-worklets:mergeDebugShaders UP-TO-DATE
> Task :react-native-worklets:compileDebugShaders NO-SOURCE
> Task :react-native-worklets:generateDebugAssets UP-TO-DATE
> Task :react-native-worklets:mergeDebugAssets UP-TO-DATE
> Task :react-native-worklets:bundleLibRuntimeToJarDebug UP-TO-DATE
> Task :react-native-worklets:processDebugJavaRes NO-SOURCE
> Task :react-native-worklets:bundleLibRuntimeToDirDebug UP-TO-DATE
> Task :expo-modules-core:configureCMakeDebug[x86]
> Task :react-native-worklets:configureCMakeDebug[x86]
> Task :react-native-worklets:generateJsonModelDebug
> Task :react-native-worklets:prefabDebugConfigurePackage UP-TO-DATE
> Task :react-native-reanimated:assertWorkletsVersionTask
> Task :react-native-reanimated:generateCodegenSchemaFromJavaScript UP-TO-DATE
> Task :react-native-reanimated:generateCodegenArtifactsFromSchema UP-TO-DATE
> Task :react-native-reanimated:prepareReanimatedHeadersForPrefabs UP-TO-DATE
> Task :react-native-reanimated:preBuild
> Task :react-native-reanimated:preDebugBuild
> Task :react-native-reanimated:writeDebugAarMetadata UP-TO-DATE
> Task :react-native-reanimated:generateDebugResValues UP-TO-DATE
> Task :react-native-reanimated:generateDebugResources UP-TO-DATE
> Task :react-native-reanimated:packageDebugResources UP-TO-DATE
> Task :react-native-reanimated:extractDeepLinksDebug UP-TO-DATE
> Task :react-native-reanimated:processDebugManifest UP-TO-DATE
> Task :react-native-reanimated:compileDebugLibraryResources UP-TO-DATE
> Task :react-native-reanimated:parseDebugLocalResources UP-TO-DATE
> Task :react-native-reanimated:generateDebugRFile UP-TO-DATE
> Task :react-native-reanimated:generateDebugBuildConfig UP-TO-DATE
> Task :react-native-reanimated:javaPreCompileDebug UP-TO-DATE
> Task :react-native-reanimated:compileDebugJavaWithJavac UP-TO-DATE
> Task :react-native-reanimated:bundleLibCompileToJarDebug UP-TO-DATE
> Task :react-native-reanimated:mergeDebugShaders UP-TO-DATE
> Task :react-native-reanimated:compileDebugShaders NO-SOURCE
> Task :react-native-reanimated:generateDebugAssets UP-TO-DATE
> Task :react-native-reanimated:mergeDebugAssets UP-TO-DATE
> Task :react-native-reanimated:bundleLibRuntimeToJarDebug UP-TO-DATE
> Task :react-native-reanimated:processDebugJavaRes NO-SOURCE
> Task :react-native-reanimated:bundleLibRuntimeToDirDebug UP-TO-DATE
> Task :react-native-gesture-handler:compileDebugKotlin UP-TO-DATE
> Task :react-native-gesture-handler:compileDebugJavaWithJavac UP-TO-DATE
> Task :react-native-gesture-handler:bundleLibCompileToJarDebug UP-TO-DATE
> Task :react-native-gesture-handler:bundleLibRuntimeToJarDebug UP-TO-DATE
> Task :react-native-gesture-handler:processDebugJavaRes UP-TO-DATE
> Task :react-native-gesture-handler:bundleLibRuntimeToDirDebug UP-TO-DATE

> Task :react-native-screens:buildCMakeDebug[x86] FAILED
C/C++: Hard link from 'C:\Users\miky\.gradle\caches\8.14.3\transforms\cde4f30671f0a7da4501bd6540651233\transformed\react-android-0.81.5-debug\prefab\modules\reactnative\libs\android.x86\libreactnative.so' to 'E:\mobilpay\moobilPay-frontend-reactNative-expo\node_modules\react-native-screens\android\build\intermediates\cxx\Debug\375qd2l3\obj\x86\libreactnative.so' failed. Doing a slower copy instead.
C/C++: Hard link from 'C:\Users\miky\.gradle\caches\8.14.3\transforms\cde4f30671f0a7da4501bd6540651233\transformed\react-android-0.81.5-debug\prefab\modules\reactnative\libs\android.x86\libreactnative.so' to 'E:\mobilpay\moobilPay-frontend-reactNative-expo\node_modules\react-native-screens\android\build\intermediates\cxx\Debug\375qd2l3\obj\x86\libreactnative.so' failed. Doing a slower copy instead.

> Task :expo-constants:createExpoConfig FAILED
env: load .env
env: export EXPO_PUBLIC_DISABLE_GOOGLE_AUTH EXPO_PUBLIC_DISABLE_NOTIFICATIONS
The NODE_ENV environment variable is required but was not specified. Ensure the project is bundled with Expo CLI or NODE_ENV is set. Using only .env.local and .env
node:fs:2413
    return binding.writeFileUtf8(
                   ^

Error: ENOSPC: no space left on device, write
    at Object.writeFileSync (node:fs:2413:20)
    at Object.<anonymous> (E:\mobilpay\moobilPay-frontend-reactNative-expo\node_modules\expo-constants\scripts\build\getAppConfig.js:29:14)
    at Module._compile (node:internal/modules/cjs/loader:1812:14)
    at Object..js (node:internal/modules/cjs/loader:1943:10)
    at Module.load (node:internal/modules/cjs/loader:1533:32)
    at Module._load (node:internal/modules/cjs/loader:1335:12)
    at wrapModuleLoad (node:internal/modules/cjs/loader:255:19)
    at Module.require (node:internal/modules/cjs/loader:1556:12)
    at require (node:internal/modules/helpers:152:16)
    at Object.<anonymous> (E:\mobilpay\moobilPay-frontend-reactNative-expo\node_modules\expo-constants\scripts\getAppConfig.js:1:1) {
  errno: -4055,
  code: 'ENOSPC',
  syscall: 'write'
}

Node.js v24.14.0
Could not read standard output of command 'C:\Users\miky\AppData\Local\Android\Sdk\cmake\3.22.1\bin\ninja.exe'.
java.io.IOException: Espace insuffisant sur le disque
	at java.base/java.io.FileOutputStream.writeBytes(Native Method)
	at java.base/java.io.FileOutputStream.write(FileOutputStream.java:349)
	at com.android.build.gradle.internal.cxx.process.MultiplexingOutputStream.write(MultiplexingOutputStream.kt:30)
	at org.gradle.process.internal.streams.ExecOutputHandleRunner.writeBuffer(ExecOutputHandleRunner.java:97)
	at org.gradle.process.internal.streams.ExecOutputHandleRunner.lambda$forwardContent$0(ExecOutputHandleRunner.java:81)
	at org.gradle.internal.operations.CurrentBuildOperationRef.with(CurrentBuildOperationRef.java:75)
	at org.gradle.process.internal.streams.ExecOutputHandleRunner.forwardContent(ExecOutputHandleRunner.java:80)
	at org.gradle.process.internal.streams.ExecOutputHandleRunner.run(ExecOutputHandleRunner.java:64)
	at org.gradle.internal.concurrent.ExecutorPolicy$CatchAndRecordFailures.onExecute(ExecutorPolicy.java:64)
	at org.gradle.internal.concurrent.AbstractManagedExecutor$1.run(AbstractManagedExecutor.java:48)
	at java.base/java.util.concurrent.ThreadPoolExecutor.runWorker(ThreadPoolExecutor.java:1136)
	at java.base/java.util.concurrent.ThreadPoolExecutor$Worker.run(ThreadPoolExecutor.java:635)
	at java.base/java.lang.Thread.run(Thread.java:840)

> Transform bundleLibRuntimeToDirDebug (project :expo-modules-core) with DexingNoClasspathTransform
ERROR: E:\mobilpay\moobilPay-frontend-reactNative-expo\node_modules\expo-modules-core\android\build\.transforms\a2f687a51bfc89fff036aceced6d79d0\transformed\bundleLibRuntimeToDirDebug\bundleLibRuntimeToDirDebug_dex\expo\modules\kotlin\types\Uint16ArrayTypeConverter$1.dex: D8: java.io.IOException: Espace insuffisant sur le disque
ERROR: E:\mobilpay\moobilPay-frontend-reactNative-expo\node_modules\expo-modules-core\android\build\.transforms\a2f687a51bfc89fff036aceced6d79d0\transformed\bundleLibRuntimeToDirDebug\bundleLibRuntimeToDirDebug_dex\expo\modules\kotlin\objects\ObjectDefinitionBuilder$AsyncFunction$$inlined$toArgsArray$default$3.dex: D8: java.io.IOException: Espace insuffisant sur le disque
ERROR: E:\mobilpay\moobilPay-frontend-reactNative-expo\node_modules\expo-modules-core\android\build\.transforms\a2f687a51bfc89fff036aceced6d79d0\transformed\bundleLibRuntimeToDirDebug\bundleLibRuntimeToDirDebug_dex\expo\modules\kotlin\objects\ObjectDefinitionBuilder$Function$$inlined$toArgsArray$default$18.dex: D8: java.io.IOException: Espace insuffisant sur le disque
ERROR: E:\mobilpay\moobilPay-frontend-reactNative-expo\node_modules\expo-modules-core\android\build\.transforms\a2f687a51bfc89fff036aceced6d79d0\transformed\bundleLibRuntimeToDirDebug\bundleLibRuntimeToDirDebug_dex\expo\modules\kotlin\types\IncompatibleValue.dex: D8: java.io.IOException: Espace insuffisant sur le disque
ERROR: E:\mobilpay\moobilPay-frontend-reactNative-expo\node_modules\expo-modules-core\android\build\.transforms\a2f687a51bfc89fff036aceced6d79d0\transformed\bundleLibRuntimeToDirDebug\bundleLibRuntimeToDirDebug_dex\expo\modules\kotlin\types\AnyTypeKt$toArgsArray$$inlined$toAnyType$13.dex: D8: java.io.IOException: Espace insuffisant sur le disque
ERROR: E:\mobilpay\moobilPay-frontend-reactNative-expo\node_modules\expo-modules-core\android\build\.transforms\a2f687a51bfc89fff036aceced6d79d0\transformed\bundleLibRuntimeToDirDebug\bundleLibRuntimeToDirDebug_dex\expo\modules\kotlin\objects\PropertyComponentBuilderWithThis.dex: D8: java.io.IOException: Espace insuffisant sur le disque
ERROR: E:\mobilpay\moobilPay-frontend-reactNative-expo\node_modules\expo-modules-core\android\build\.transforms\a2f687a51bfc89fff036aceced6d79d0\transformed\bundleLibRuntimeToDirDebug\bundleLibRuntimeToDirDebug_dex\expo\modules\kotlin\functions\FunctionBuilder$Body$1.dex: D8: java.io.IOException: Espace insuffisant sur le disque
ERROR: E:\mobilpay\moobilPay-frontend-reactNative-expo\node_modules\expo-modules-core\android\build\.transforms\a2f687a51bfc89fff036aceced6d79d0\transformed\bundleLibRuntimeToDirDebug\bundleLibRuntimeToDirDebug_dex\expo\modules\kotlin\types\ExperimentalJSTypeConverter$CollectionConverter.dex: D8: java.io.IOException: Espace insuffisant sur le disque
ERROR: E:\mobilpay\moobilPay-frontend-reactNative-expo\node_modules\expo-modules-core\android\build\.transforms\a2f687a51bfc89fff036aceced6d79d0\transformed\bundleLibRuntimeToDirDebug\bundleLibRuntimeToDirDebug_dex\expo\modules\kotlin\functions\UntypedAsyncFunctionComponentKt.dex: D8: java.io.IOException: Espace insuffisant sur le disque
ERROR: E:\mobilpay\moobilPay-frontend-reactNative-expo\node_modules\expo-modules-core\android\build\.transforms\a2f687a51bfc89fff036aceced6d79d0\transformed\bundleLibRuntimeToDirDebug\bundleLibRuntimeToDirDebug_dex\expo\modules\core\interfaces\services\EventEmitter$BaseEvent.dex: D8: java.io.IOException: Espace insuffisant sur le disque
ERROR: E:\mobilpay\moobilPay-frontend-reactNative-expo\node_modules\expo-modules-core\android\build\.transforms\a2f687a51bfc89fff036aceced6d79d0\transformed\bundleLibRuntimeToDirDebug\bundleLibRuntimeToDirDebug_dex\expo\modules\kotlin\objects\PropertyComponentBuilderWithThis$set$lambda$3$$inlined$toAnyType$default$1.dex: D8: java.nio.file.FileSystemException: E:\mobilpay\moobilPay-frontend-reactNative-expo\node_modules\expo-modules-core\android\build\.transforms\a2f687a51bfc89fff036aceced6d79d0\transformed\bundleLibRuntimeToDirDebug\bundleLibRuntimeToDirDebug_dex\expo\modules\kotlin\objects\PropertyComponentBuilderWithThis$set$lambda$3$$inlined$toAnyType$default$1.dex: Espace insuffisant sur le disque
ERROR: E:\mobilpay\moobilPay-frontend-reactNative-expo\node_modules\expo-modules-core\android\build\.transforms\a2f687a51bfc89fff036aceced6d79d0\transformed\bundleLibRuntimeToDirDebug\bundleLibRuntimeToDirDebug_dex\expo\modules\kotlin\classcomponent\ClassComponentBuilder$Constructor$$inlined$toArgsArray$default$3.dex: D8: java.io.IOException: Espace insuffisant sur le disque
ERROR: E:\mobilpay\moobilPay-frontend-reactNative-expo\node_modules\expo-modules-core\android\build\.transforms\a2f687a51bfc89fff036aceced6d79d0\transformed\bundleLibRuntimeToDirDebug\bundleLibRuntimeToDirDebug_dex\expo\modules\kotlin\functions\AsyncFunctionBuilder$AsyncBody$5.dex: D8: java.io.IOException: Espace insuffisant sur le disque
ERROR: E:\mobilpay\moobilPay-frontend-reactNative-expo\node_modules\expo-modules-core\android\build\.transforms\a2f687a51bfc89fff036aceced6d79d0\transformed\bundleLibRuntimeToDirDebug\bundleLibRuntimeToDirDebug_dex\expo\modules\kotlin\classcomponent\ClassComponentBuilder$Constructor$$inlined$toArgsArray$default$12.dex: D8: java.io.IOException: Espace insuffisant sur le disque
ERROR: E:\mobilpay\moobilPay-frontend-reactNative-expo\node_modules\expo-modules-core\android\build\.transforms\a2f687a51bfc89fff036aceced6d79d0\transformed\bundleLibRuntimeToDirDebug\bundleLibRuntimeToDirDebug_dex\expo\modules\kotlin\devtools\OkHttpExtensionsKt.dex: D8: java.io.IOException: Espace insuffisant sur le disque
ERROR: E:\mobilpay\moobilPay-frontend-reactNative-expo\node_modules\expo-modules-core\android\build\.transforms\a2f687a51bfc89fff036aceced6d79d0\transformed\bundleLibRuntimeToDirDebug\bundleLibRuntimeToDirDebug_dex\expo\modules\kotlin\objects\ObjectDefinitionBuilder$AsyncFunction$$inlined$toArgsArray$default$35.dex: D8: java.nio.file.FileSystemException: E:\mobilpay\moobilPay-frontend-reactNative-expo\node_modules\expo-modules-core\android\build\.transforms\a2f687a51bfc89fff036aceced6d79d0\transformed\bundleLibRuntimeToDirDebug\bundleLibRuntimeToDirDebug_dex\expo\modules\kotlin\objects\ObjectDefinitionBuilder$AsyncFunction$$inlined$toArgsArray$default$35.dex: Espace insuffisant sur le disque
ERROR: E:\mobilpay\moobilPay-frontend-reactNative-expo\node_modules\expo-modules-core\android\build\.transforms\a2f687a51bfc89fff036aceced6d79d0\transformed\bundleLibRuntimeToDirDebug\bundleLibRuntimeToDirDebug_dex\expo\modules\interfaces\filesystem\AppDirectoriesModuleInterface.dex: D8: java.io.IOException: Espace insuffisant sur le disque
ERROR: E:\mobilpay\moobilPay-frontend-reactNative-expo\node_modules\expo-modules-core\android\build\.transforms\a2f687a51bfc89fff036aceced6d79d0\transformed\bundleLibRuntimeToDirDebug\bundleLibRuntimeToDirDebug_dex\expo\modules\interfaces\imageloader\ImageLoaderInterface.dex: D8: java.io.IOException: Espace insuffisant sur le disque
ERROR: E:\mobilpay\moobilPay-frontend-reactNative-expo\node_modules\expo-modules-core\android\build\.transforms\a2f687a51bfc89fff036aceced6d79d0\transformed\bundleLibRuntimeToDirDebug\bundleLibRuntimeToDirDebug_dex\expo\modules\kotlin\types\ListTypeConverter.dex: D8: java.nio.file.FileSystemException: E:\mobilpay\moobilPay-frontend-reactNative-expo\node_modules\expo-modules-core\android\build\.transforms\a2f687a51bfc89fff036aceced6d79d0\transformed\bundleLibRuntimeToDirDebug\bundleLibRuntimeToDirDebug_dex\expo\modules\kotlin\types\ListTypeConverter.dex: Espace insuffisant sur le disque
ERROR: E:\mobilpay\moobilPay-frontend-reactNative-expo\node_modules\expo-modules-core\android\build\.transforms\a2f687a51bfc89fff036aceced6d79d0\transformed\bundleLibRuntimeToDirDebug\bundleLibRuntimeToDirDebug_dex\expo\modules\kotlin\views\ViewDefinitionBuilder$AsyncFunction$26.dex: D8: java.io.IOException: Espace insuffisant sur le disque
ERROR: E:\mobilpay\moobilPay-frontend-reactNative-expo\node_modules\expo-modules-core\android\build\.transforms\a2f687a51bfc89fff036aceced6d79d0\transformed\bundleLibRuntimeToDirDebug\bundleLibRuntimeToDirDebug_dex\expo\modules\kotlin\defaultmodules\JSLoggerModule$JSLogHandler.dex: D8: java.nio.file.FileSystemException: E:\mobilpay\moobilPay-frontend-reactNative-expo\node_modules\expo-modules-core\android\build\.transforms\a2f687a51bfc89fff036aceced6d79d0\transformed\bundleLibRuntimeToDirDebug\bundleLibRuntimeToDirDebug_dex\expo\modules\kotlin\defaultmodules: Espace insuffisant sur le disque
ERROR: E:\mobilpay\moobilPay-frontend-reactNative-expo\node_modules\expo-modules-core\android\build\.transforms\a2f687a51bfc89fff036aceced6d79d0\transformed\bundleLibRuntimeToDirDebug\bundleLibRuntimeToDirDebug_dex\expo\modules\kotlin\functions\AsyncFunctionBuilder$AsyncBody$18.dex: D8: java.io.IOException: Espace insuffisant sur le disque
ERROR: E:\mobilpay\moobilPay-frontend-reactNative-expo\node_modules\expo-modules-core\android\build\.transforms\a2f687a51bfc89fff036aceced6d79d0\transformed\bundleLibRuntimeToDirDebug\bundleLibRuntimeToDirDebug_dex\expo\modules\kotlin\views\ViewDefinitionBuilder$AsyncFunction$$inlined$toArgsArray$default$61.dex: D8: java.io.IOException: Espace insuffisant sur le disque
ERROR: E:\mobilpay\moobilPay-frontend-reactNative-expo\node_modules\expo-modules-core\android\build\.transforms\a2f687a51bfc89fff036aceced6d79d0\transformed\bundleLibRuntimeToDirDebug\bundleLibRuntimeToDirDebug_dex\expo\modules\kotlin\exception\InvalidSharedObjectTypeException.dex: D8: java.nio.file.FileSystemException: E:\mobilpay\moobilPay-frontend-reactNative-expo\node_modules\expo-modules-core\android\build\.transforms\a2f687a51bfc89fff036aceced6d79d0\transformed\bundleLibRuntimeToDirDebug\bundleLibRuntimeToDirDebug_dex\expo\modules\kotlin\exception: Espace insuffisant sur le disque
ERROR: E:\mobilpay\moobilPay-frontend-reactNative-expo\node_modules\expo-modules-core\android\build\.transforms\a2f687a51bfc89fff036aceced6d79d0\transformed\bundleLibRuntimeToDirDebug\bundleLibRuntimeToDirDebug_dex\expo\modules\kotlin\objects\ObjectDefinitionBuilder$Function$16.dex: D8: java.nio.file.FileSystemException: E:\mobilpay\moobilPay-frontend-reactNative-expo\node_modules\expo-modules-core\android\build\.transforms\a2f687a51bfc89fff036aceced6d79d0\transformed\bundleLibRuntimeToDirDebug\bundleLibRuntimeToDirDebug_dex\expo\modules\kotlin\objects\ObjectDefinitionBuilder$Function$16.dex: Espace insuffisant sur le disque
ERROR: E:\mobilpay\moobilPay-frontend-reactNative-expo\node_modules\expo-modules-core\android\build\.transforms\a2f687a51bfc89fff036aceced6d79d0\transformed\bundleLibRuntimeToDirDebug\bundleLibRuntimeToDirDebug_dex\expo\modules\kotlin\types\EmptyKType.dex: D8: java.nio.file.FileSystemException: E:\mobilpay\moobilPay-frontend-reactNative-expo\node_modules\expo-modules-core\android\build\.transforms\a2f687a51bfc89fff036aceced6d79d0\transformed\bundleLibRuntimeToDirDebug\bundleLibRuntimeToDirDebug_dex\expo\modules\kotlin\types\EmptyKType.dex: Espace insuffisant sur le disque
ERROR: E:\mobilpay\moobilPay-frontend-reactNative-expo\node_modules\expo-modules-core\android\build\.transforms\a2f687a51bfc89fff036aceced6d79d0\transformed\bundleLibRuntimeToDirDebug\bundleLibRuntimeToDirDebug_dex\expo\modules\kotlin\traits\SavableTrait$Companion$create$1$invoke$$inlined$createImplementation$2.dex: D8: java.nio.file.FileSystemException: E:\mobilpay\moobilPay-frontend-reactNative-expo\node_modules\expo-modules-core\android\build\.transforms\a2f687a51bfc89fff036aceced6d79d0\transformed\bundleLibRuntimeToDirDebug\bundleLibRuntimeToDirDebug_dex\expo\modules\kotlin\traits: Espace insuffisant sur le disque
ERROR: E:\mobilpay\moobilPay-frontend-reactNative-expo\node_modules\expo-modules-core\android\build\.transforms\a2f687a51bfc89fff036aceced6d79d0\transformed\bundleLibRuntimeToDirDebug\bundleLibRuntimeToDirDebug_dex\expo\modules\kotlin\classcomponent\ClassComponentBuilder$Constructor$$inlined$toArgsArray$default$23.dex: D8: java.nio.file.FileSystemException: E:\mobilpay\moobilPay-frontend-reactNative-expo\node_modules\expo-modules-core\android\build\.transforms\a2f687a51bfc89fff036aceced6d79d0\transformed\bundleLibRuntimeToDirDebug\bundleLibRuntimeToDirDebug_dex\expo\modules\kotlin\classcomponent\ClassComponentBuilder$Constructor$$inlined$toArgsArray$default$23.dex: Espace insuffisant sur le disque
ERROR: E:\mobilpay\moobilPay-frontend-reactNative-expo\node_modules\expo-modules-core\android\build\.transforms\a2f687a51bfc89fff036aceced6d79d0\transformed\bundleLibRuntimeToDirDebug\bundleLibRuntimeToDirDebug_dex\expo\modules\kotlin\records\Size.dex: D8: java.nio.file.FileSystemException: E:\mobilpay\moobilPay-frontend-reactNative-expo\node_modules\expo-modules-core\android\build\.transforms\a2f687a51bfc89fff036aceced6d79d0\transformed\bundleLibRuntimeToDirDebug\bundleLibRuntimeToDirDebug_dex\expo\modules\kotlin\records: Espace insuffisant sur le disque
ERROR: E:\mobilpay\moobilPay-frontend-reactNative-expo\node_modules\expo-modules-core\android\build\.transforms\a2f687a51bfc89fff036aceced6d79d0\transformed\bundleLibRuntimeToDirDebug\bundleLibRuntimeToDirDebug_dex\expo\modules\kotlin\objects\ObjectDefinitionBuilder$AsyncFunction$$inlined$toArgsArray$default$24.dex: D8: java.nio.file.FileSystemException: E:\mobilpay\moobilPay-frontend-reactNative-expo\node_modules\expo-modules-core\android\build\.transforms\a2f687a51bfc89fff036aceced6d79d0\transformed\bundleLibRuntimeToDirDebug\bundleLibRuntimeToDirDebug_dex\expo\modules\kotlin\objects\ObjectDefinitionBuilder$AsyncFunction$$inlined$toArgsArray$default$24.dex: Espace insuffisant sur le disque
ERROR: E:\mobilpay\moobilPay-frontend-reactNative-expo\node_modules\expo-modules-core\android\build\.transforms\a2f687a51bfc89fff036aceced6d79d0\transformed\bundleLibRuntimeToDirDebug\bundleLibRuntimeToDirDebug_dex\expo\modules\kotlin\functions\AsyncFunctionBuilder$AsyncBody$$inlined$toArgsArray$default$7.dex: D8: java.nio.file.FileSystemException: E:\mobilpay\moobilPay-frontend-reactNative-expo\node_modules\expo-modules-core\android\build\.transforms\a2f687a51bfc89fff036aceced6d79d0\transformed\bundleLibRuntimeToDirDebug\bundleLibRuntimeToDirDebug_dex\expo\modules\kotlin\functions\AsyncFunctionBuilder$AsyncBody$$inlined$toArgsArray$default$7.dex: Espace insuffisant sur le disque
ERROR: E:\mobilpay\moobilPay-frontend-reactNative-expo\node_modules\expo-modules-core\android\build\.transforms\a2f687a51bfc89fff036aceced6d79d0\transformed\bundleLibRuntimeToDirDebug\bundleLibRuntimeToDirDebug_dex\expo\modules\kotlin\types\ExperimentalJSTypeConverter$DurationConverter.dex: D8: java.nio.file.FileSystemException: E:\mobilpay\moobilPay-frontend-reactNative-expo\node_modules\expo-modules-core\android\build\.transforms\a2f687a51bfc89fff036aceced6d79d0\transformed\bundleLibRuntimeToDirDebug\bundleLibRuntimeToDirDebug_dex\expo\modules\kotlin\types\ExperimentalJSTypeConverter$DurationConverter.dex: Espace insuffisant sur le disque
ERROR: E:\mobilpay\moobilPay-frontend-reactNative-expo\node_modules\expo-modules-core\android\build\.transforms\a2f687a51bfc89fff036aceced6d79d0\transformed\bundleLibRuntimeToDirDebug\bundleLibRuntimeToDirDebug_dex\expo\modules\kotlin\apifeatures\EitherType.dex: D8: java.nio.file.FileSystemException: E:\mobilpay\moobilPay-frontend-reactNative-expo\node_modules\expo-modules-core\android\build\.transforms\a2f687a51bfc89fff036aceced6d79d0\transformed\bundleLibRuntimeToDirDebug\bundleLibRuntimeToDirDebug_dex\expo\modules\kotlin\apifeatures: Espace insuffisant sur le disque
ERROR: E:\mobilpay\moobilPay-frontend-reactNative-expo\node_modules\expo-modules-core\android\build\.transforms\a2f687a51bfc89fff036aceced6d79d0\transformed\bundleLibRuntimeToDirDebug\bundleLibRuntimeToDirDebug_dex\expo\modules\kotlin\types\TypeConverterProviderImpl$createCachedConverters$$inlined$createTrivialTypeConverter$6.dex: D8: java.nio.file.FileSystemException: E:\mobilpay\moobilPay-frontend-reactNative-expo\node_modules\expo-modules-core\android\build\.transforms\a2f687a51bfc89fff036aceced6d79d0\transformed\bundleLibRuntimeToDirDebug\bundleLibRuntimeToDirDebug_dex\expo\modules\kotlin\types\TypeConverterProviderImpl$createCachedConverters$$inlined$createTrivialTypeConverter$6.dex: Espace insuffisant sur le disque
ERROR: E:\mobilpay\moobilPay-frontend-reactNative-expo\node_modules\expo-modules-core\android\build\.transforms\a2f687a51bfc89fff036aceced6d79d0\transformed\bundleLibRuntimeToDirDebug\bundleLibRuntimeToDirDebug_dex\expo\modules\kotlin\activityresult\AppContextActivityResultRegistryKt.dex: D8: java.nio.file.FileSystemException: E:\mobilpay\moobilPay-frontend-reactNative-expo\node_modules\expo-modules-core\android\build\.transforms\a2f687a51bfc89fff036aceced6d79d0\transformed\bundleLibRuntimeToDirDebug\bundleLibRuntimeToDirDebug_dex\expo\modules\kotlin\activityresult: Espace insuffisant sur le disque
